// Jest Snapshot v1, https://goo.gl/fbAQLP

exports[`<ResultsList /> should match the snapshot 1`] = `
<Fragment>
  <h3>
    Groups
  </h3>
  <Table
    as="table"
    celled={true}
    padded={true}
    sortable={true}
  >
    <TableHeader
      as="thead"
    >
      <TableRow
        as="tr"
        cellAs="td"
      >
        <TableHeaderCell
          as="th"
          onClick={[Function]}
          sorted={null}
        >
          Group Name
        </TableHeaderCell>
        <TableHeaderCell
          as="th"
          onClick={[Function]}
          sorted={null}
        >
          Active Members
        </TableHeaderCell>
      </TableRow>
    </TableHeader>
    <TableBody
      as="tbody"
    >
      <TableRow
        as="tr"
        cellAs="td"
        key="0"
      >
        <TableCell
          as="td"
          singleLine={true}
        >
          Volunteers
        </TableCell>
        <TableCell
          as="td"
          singleLine={true}
        />
      </TableRow>
    </TableBody>
  </Table>
</Fragment>
`;
